client/pages/AIOcr.tsx(845,14): error TS2322: Type '{ children: Element[]; initial: { opacity: number; y: number; }; animate: { opacity: number; y: number; }; className: string; refKey?: string; defaultChecked?: boolean; defaultValue?: string | number | readonly string[]; ... 259 more ...; onTransitionEndCapture?: TransitionEventHandler<...>; }' is not assignable to type 'Omit<HTMLMotionProps<"div">, "ref">'.
  Types of property 'onDrag' are incompatible.
    Type 'DragEventHandler<HTMLElement>' is not assignable to type '(event: MouseEvent | TouchEvent | PointerEvent, info: PanInfo) => void'.
      Types of parameters 'event' and 'event' are incompatible.
        Type 'MouseEvent | TouchEvent | PointerEvent' is not assignable to type 'DragEvent<HTMLElement>'.
          Type 'MouseEvent' is missing the following properties from type 'DragEvent<HTMLElement>': dataTransfer, nativeEvent, isDefaultPrevented, isPropagationStopped, persist
client/pages/PdfToWord.tsx(231,16): error TS2322: Type '{ children: Element[]; className: string; refKey?: string; defaultChecked?: boolean; defaultValue?: string | number | readonly string[]; suppressContentEditableWarning?: boolean; suppressHydrationWarning?: boolean; ... 261 more ...; exit: { ...; }; }' is not assignable to type 'Omit<HTMLMotionProps<"div">, "ref">'.
  Types of property 'onDrag' are incompatible.
    Type 'DragEventHandler<HTMLElement>' is not assignable to type '(event: MouseEvent | TouchEvent | PointerEvent, info: PanInfo) => void'.
      Types of parameters 'event' and 'event' are incompatible.
        Type 'MouseEvent | TouchEvent | PointerEvent' is not assignable to type 'DragEvent<HTMLElement>'.
          Type 'MouseEvent' is missing the following properties from type 'DragEvent<HTMLElement>': dataTransfer, nativeEvent, isDefaultPrevented, isPropagationStopped, persist
